<html>
<body>
<pre>
<h1>µVision Build Log</h1>
<h2>Project:</h2>
C:\Users\heavy\Documents\GitHub\piezo\test.uvproj
Project File Date:  10/13/2014

<h2>Output:</h2>
Build target 'STM32'
compiling touch.c...
linking...
Program Size: Code=20356 RO-data=1476 RW-data=92 ZI-data=2316  
FromELF: creating hex file...
".\bin\piezo.axf" - 0 Error(s), 0 Warning(s).
</pre>
</body>
</html>
.
compiling stm32f10x_exti.c...
compiling stm32f10x_spi.c...
compiling init.c...
compiling main.c...
compiling misc_func.c...
compiling lcdcmd.c...
compiling primitives.c...
compiling oscilloscope.c...
compiling font.c...
compiling touch.c...
src\touch.c(310): warning:  #940-D: missing return statement at end of non-void function "button_pressed"
  }
src\touch.c: 1 warning, 0 errors
compiling sram.c...
compiling mainmenu.c...
compiling math_func.c...
compiling gui.c...
linking...
Program Size: Code=20356 RO-data=1476 RW-data=92 ZI-data=2316  
FromELF: creating hex file...
".\bin\piezo.axf" - 0 Error(s), 1 Warning(s).
