<html>
<body>
<pre>
<h1>µVision Build Log</h1>
<h2>Project:</h2>
C:\Users\ÃËı‡ËÎ\Documents\GitHub\STM32\piezo\test.uvproj
Project File Date:  10/01/2014

<h2>Output:</h2>
Build target 'STM32'
compiling main.c...
compiling mainmenu.c...
linking...
Program Size: Code=14724 RO-data=1476 RW-data=92 ZI-data=1644  
FromELF: creating hex file...
".\bin\piezo.axf" - 0 Error(s), 0 Warning(s).
</pre>
</body>
</html>
inmenu.o and main.o).
Not enough information to list image symbols.
Not enough information to list the image map.
Finished: 2 information, 0 warning and 2 error messages.
".\bin\piezo.axf" - 2 Error(s), 0 Warning(s).
Target not created
on to list image symbols.
Not enough information to list the image map.
Finished: 2 information, 0 warning and 2 error messages.
".\bin\piezo.axf" - 2 Error(s), 1 Warning(s).
Target not created
ewline
  #include "gui.c"
src\gui.c(1): warning:  #1-D: last line of file ends without a newline
  #include "gui.c"
src\gui.c(1): warning:  #1-D: last line of file ends without a newline
  #include "gui.c"
src\gui.c(1): warning:  #1-D: last line of file ends without a newline
  #include "gui.c"
src\gui.c(1): warning:  #1-D: last line of file ends without a newline
  #include "gui.c"
src\gui.c(1): error:  #3: #include file "src\gui.c" includes itself
  #include "gui.c"
src\gui.c: 10 warnings, 1 error
".\bin\piezo.axf" - 1 Error(s), 10 Warning(s).
Target not created
-D: last line of file ends without a newline
  #include "gui.c"
src\gui.c(1): warning:  #1-D: last line of file ends without a newline
  #include "gui.c"
src\gui.c(1): warning:  #1-D: last line of file ends without a newline
  #include "gui.c"
src\gui.c(1): warning:  #1-D: last line of file ends without a newline
  #include "gui.c"
src\gui.c(1): warning:  #1-D: last line of file ends without a newline
  #include "gui.c"
src\gui.c(1): error:  #3: #include file "src\gui.c" includes itself
  #include "gui.c"
src\gui.c: 10 warnings, 1 error
".\bin\piezo.axf" - 1 Error(s), 15 Warning(s).
Target not created
